corpus: 5 file(s): opt/t8g.bmp opt/t24.bmp opt/t32.bmp opt/o_ci.bmp opt/o_ep.bmp
0000E464 P0_ACT_E0_       9
0000E480 P0_ACT_E1_       9
0000E49C P0_ACT_E2_       9
0000E4B8 P0_ACT_E3_       9
0000E4D4 P0_ACT_E4_       9
0000E4F0 P0_ACT_E5_       9
0000E50C P0_ACT_E6_       9
0000E41D P0_AP_RATE_      5
0000E44C P0_AP_WT2_       5
0000E434 P0_AP_WT_        5
0000E62E P0_AW_NE_        5
0000E645 P0_AW_NN_        5
0000E617 P0_AW_NW_        5
0000E600 P0_AW_N_         5
0000E65C P0_AW_WW_        5
0000E5EA P0_AW_W_         5
0000E672 P0_AW_X_         5
0000E301 P0_BY_mw_        12
0000E2E2 P0_BY_wr_        13
0000E21A P0_CTF_mw_       12
0000E1F3 P0_CTF_wr_       13
0000E23B P0_CTN_wr_       13
0000E1D1 P0_CT_mw_        12
0000E1B2 P0_CT_wr_        13
0000E687 P0_DZ0_          5
0000E69C P0_DZ1_          5
0000E6B1 P0_DZ2_          5
0000E6C6 P0_DZ3_          5
0000E6DB P0_DZ4_          5
0000E6F0 P0_DZ5_          5
0000E705 P0_DZ6_          5
0000E71A P0_DZ7_          5
0000E281 P0_EL_mw_        12
0000E262 P0_EL_wr_        13
0000E2C1 P0_EP_mw_        12
0000E2A2 P0_EP_wr_        13
0000E3C1 P0_FL_mw_        12
0000E3A2 P0_FL_wr_        13
0000E528 P0_GRP_E0_       9
0000E544 P0_GRP_E1_       9
0000E560 P0_GRP_E2_       9
0000E57C P0_GRP_E3_       9
0000E598 P0_GRP_E4_       9
0000E5B4 P0_GRP_E5_       9
0000E5D0 P0_GRP_E6_       9
0000E3DF P0_MX_LR_        8
0000E3F9 P0_MX_W0_        16
0000E341 P0_PR_mw_        12
0000E322 P0_PR_wr_        13
0000E381 P0_RL_mw_        12
0000E362 P0_RL_wr_        13
51 maps, 453 bits total
=== start 152548
!!! 00E464: P0_ACT_E0_ !!!
=== 152548
  7 1 151819 151819 11 453 3/0
  6 1 151819 152027 11 452 4/0
  2 1 150760 150760 11 451 5/0
  4 1 150752 150752 11 450 7/0
  3 1 150746 150746 11 449 8/0
  8 0 150746 150746 11 448 9/0
  5 0 150745 150745 11 447 10/0
  1 1 150738 150738 11 446 11/0
  0 0 150738 150738 11 445 13/0
=== 150738
  8 0 150738 150738 01 444 14/0
  5 0 150738 150738 01 443 15/0
  7 0 150738 150738 01 442 16/0
  3 0 150738 150738 01 441 17/0
  0 0 150738 150738 01 440 19/0
  6 1 150738 150741 01 439 20/0
  1 1 150738 150752 01 438 21/0
  4 1 150738 150741 01 437 22/0
  2 1 150738 150744 01 436 23/0
!!! 00E480: P0_ACT_E1_ !!!
=== 150738
  2 0 150738 150738 01 435 26/0
  0 0 150738 150738 01 434 27/0
  8 0 150738 150738 01 433 28/0
  4 0 150738 150738 01 432 30/0
  6 0 150738 150738 01 431 31/0
  7 0 150738 150738 01 430 32/0
  5 0 150738 150738 01 429 33/0
  3 0 150738 150738 01 428 34/0
  1 0 150738 150738 01 427 36/0
!!! 00E49C: P0_ACT_E2_ !!!
=== 150738
  1 0 150738 150738 01 426 38/0
  4 0 150738 150738 01 425 39/0
  5 0 150738 150738 01 424 40/0
  3 0 150738 150738 01 423 42/0
  2 0 150738 150738 01 422 43/0
  6 0 150738 150738 01 421 44/0
  7 0 150738 150738 01 420 45/0
  0 0 150738 150738 01 419 46/0
  8 0 150738 150738 01 418 47/0
!!! 00E4B8: P0_ACT_E3_ !!!
=== 150738
  2 0 150738 150738 01 417 50/0
  0 0 150738 150738 01 416 51/0
  8 0 150738 150738 01 415 52/0
  4 0 150738 150738 01 414 53/0
  5 0 150738 150738 01 413 55/0
  1 0 150738 150738 01 412 56/0
  6 0 150738 150738 01 411 57/0
  3 0 150738 150738 01 410 58/0
  7 0 150738 150738 01 409 59/0
!!! 00E4D4: P0_ACT_E4_ !!!
=== 150738
  2 0 150738 150738 01 408 62/0
  3 0 150738 150738 01 407 63/0
  8 0 150738 150738 01 406 64/0
  0 0 150738 150738 01 405 65/0
  1 0 150738 150738 01 404 67/0
  5 0 150738 150738 01 403 68/0
  6 0 150738 150738 01 402 69/0
  4 0 150738 150738 01 401 70/0
  7 0 150738 150738 01 400 71/0
!!! 00E4F0: P0_ACT_E5_ !!!
=== 150738
  2 0 150738 150738 01 399 74/0
  5 0 150738 150738 01 398 75/0
  3 0 150738 150738 01 397 77/0
  4 0 150738 150738 01 396 78/0
  8 0 150738 150738 01 395 79/0
  6 0 150738 150738 01 394 80/0
  0 0 150738 150738 01 393 82/0
  1 0 150738 150738 01 392 83/0
  7 0 150738 150738 01 391 84/0
!!! 00E50C: P0_ACT_E6_ !!!
=== 150738
  7 0 150738 150738 01 390 86/0
  5 0 150738 150738 01 389 88/0
  8 0 150738 150738 01 388 89/0
  4 0 150738 150738 01 387 90/0
  2 0 150738 150738 01 386 91/0
  0 0 150738 150738 01 385 92/0
  6 0 150738 150738 01 384 94/0
  1 0 150738 150738 01 383 95/0
  3 0 150738 150738 01 382 96/0
!!! 00E41D: P0_AP_RATE_ !!!
=== 150738
  3 0 155283 155283 01 381 98/0
  2 0 155283 155283 01 380 99/0
  4 0 155283 155283 01 379 101/0
  1 0 155283 155283 01 378 102/0
  0 1 155283 165656 01 377 103/0
!!! 00E44C: P0_AP_WT2_ !!!
=== 150738
  0 0 150679 150679 01 376 106/0
  2 0 150679 150679 01 375 107/0
  1 1 150679 151050 01 374 108/0
  4 0 150679 150679 01 373 109/0
  3 0 150679 150679 01 372 110/0
!!! 00E434: P0_AP_WT_ !!!
=== 150679
  0 0 150749 150993 01 371 113/0
  1 0 150749 150767 01 370 114/0
  4 1 150711 150711 11 369 115/0
  2 1 150711 150960 11 368 116/0
  3 1 150661 150661 11 367 118/0
=== 150661
  2 1 150661 150799 01 366 119/0
  3 1 150661 150711 01 365 120/0
  4 1 150661 150679 01 364 121/0
  1 0 150661 150993 01 363 122/0
  0 0 150661 150993 01 362 124/0
!!! 00E62E: P0_AW_NE_ !!!
=== 150661
  0 0 150711 150711 11 361 126/0
  1 0 150711 150850 11 360 128/0
  2 0 150654 150654 11 359 129/0
  3 1 150654 150694 11 358 130/0
  4 0 150654 150661 11 357 131/0
=== 150654
  4 0 150654 150661 01 356 133/0
  1 0 150654 150808 01 355 134/0
  2 0 150654 150711 01 354 135/0
  0 0 150654 150868 01 353 136/0
  3 1 150654 150694 01 352 137/0
!!! 00E645: P0_AW_NN_ !!!
=== 150654
  1 0 150664 150838 01 351 140/0
  0 0 150664 150894 01 350 141/0
  4 0 150654 150654 01 349 142/0
  2 0 150654 150738 01 348 144/0
  3 1 150654 150695 01 347 145/0
!!! 00E617: P0_AW_NW_ !!!
=== 150654
  0 0 150667 150828 01 346 147/0
  3 1 150623 150623 11 345 148/0
  4 0 150623 150654 11 344 149/0
  1 0 150623 150782 11 343 151/0
  2 0 150623 150724 11 342 152/0
=== 150623
  3 1 150623 150667 01 341 153/0
  2 0 150623 150724 01 340 154/0
  0 0 150623 150813 01 339 155/0
  1 0 150623 150782 01 338 157/0
  4 0 150623 150654 01 337 158/0
!!! 00E600: P0_AW_N_ !!!
=== 150623
  4 0 150650 150697 01 336 160/0
  1 0 150650 150801 01 335 161/0
  0 0 150650 150876 01 334 163/0
  3 0 150623 150623 01 333 164/0
  2 1 150623 150797 01 332 165/0
!!! 00E65C: P0_AW_WW_ !!!
=== 150623
  1 0 150616 150791 01 331 168/0
  3 1 150616 150642 01 330 169/0
  4 1 150616 150623 01 329 170/0
  0 0 150616 150863 01 328 171/0
  2 0 150616 150690 01 327 172/0
!!! 00E5EA: P0_AW_W_ !!!
=== 150616
  2 1 150621 150621 11 326 175/0
  4 1 150621 150656 11 325 176/0
  1 0 150621 150695 11 324 178/0
  3 0 150621 150654 11 323 179/0
  0 1 150615 150615 11 322 180/0
=== 150615
  0 1 150615 150621 01 321 181/0
  1 0 150615 150750 01 320 183/0
  4 0 150615 150615 01 319 184/0
  3 0 150615 150615 01 318 185/0
  2 1 150615 150683 01 317 186/0
!!! 00E672: P0_AW_X_ !!!
=== 150615
  1 0 150608 150645 01 316 189/0
  0 0 150608 150650 01 315 190/0
  4 0 150608 150615 01 314 191/0
  2 1 150608 150626 01 313 193/0
  3 1 150608 150615 01 312 194/0
!!! 00E301: P0_BY_mw_ !!!
=== 150608
  4 0 150608 150608 01 311 196/0
  8 0 150608 150608 01 310 198/0
 10 0 150608 150608 01 309 199/0
  0 0 150608 150608 01 308 200/0
  3 0 150608 150608 01 307 201/0
  7 0 150608 150608 01 306 203/0
  1 0 150608 150608 01 305 204/0
  9 0 150608 150608 01 304 205/0
  6 0 150608 150608 01 303 206/0
  5 0 150608 150608 01 302 208/0
  2 0 150608 150608 01 301 209/0
 11 0 150608 150608 01 300 210/0
!!! 00E2E2: P0_BY_wr_ !!!
=== 150608
 10 0 150608 150608 01 299 213/0
  9 0 150608 150608 01 298 214/0
  4 0 150608 150608 01 297 215/0
  6 0 150608 150608 01 296 216/0
  3 0 150608 150608 01 295 217/0
  2 0 150608 150608 01 294 219/0
  8 0 150608 150608 01 293 220/0
  7 0 150608 150608 01 292 221/0
  1 0 150608 150608 01 291 223/0
  0 0 150608 150608 01 290 224/0
 11 0 150608 150608 01 289 225/0
  5 0 150608 150608 01 288 226/0
 12 0 150608 150608 01 287 227/0
!!! 00E21A: P0_CTF_mw_ !!!
=== 150608
  7 1 150606 150606 11 286 230/0
  6 1 150606 150611 11 285 231/0
  9 0 150606 150608 11 284 232/0
  1 0 150606 150726 11 283 234/0
  5 0 150606 150609 11 282 235/0
  0 0 150606 150844 11 281 236/0
 11 1 150606 150608 11 280 237/0
  3 0 150606 150630 11 279 239/0
  2 0 150606 150668 11 278 240/0
  8 0 150606 150607 11 277 241/0
 10 1 150606 150608 11 276 242/0
  4 0 150606 150616 11 275 244/0
=== 150606
 11 1 150606 150608 01 274 245/0
  0 0 150606 150844 01 273 246/0
 10 1 150606 150608 01 272 247/0
  5 0 150606 150609 01 271 248/0
  6 1 150606 150611 01 270 250/0
  1 0 150606 150726 01 269 251/0
  7 1 150606 150608 01 268 252/0
  8 0 150606 150607 01 267 253/0
