WINAPI_SHIM_1.0 {
  global:
    pthread_create;
    shim_register_tls;

    kernel32_GetCurrentProcess;
    kernel32_GetCurrentProcessId;
    kernel32_GetCurrentThreadId;
    kernel32_ExitProcess;
    kernel32_TerminateProcess;
    kernel32_IsDebuggerPresent;
    kernel32_IsProcessorFeaturePresent;
    kernel32_GetLastError;
    kernel32_SetLastError;
    kernel32_VirtualAlloc;
    kernel32_VirtualFree;
    kernel32_VirtualProtect;
    kernel32_VirtualQuery;
    kernel32_HeapCreate;
    kernel32_GetProcessHeap;
    kernel32_HeapAlloc;
    kernel32_HeapFree;
    kernel32_HeapReAlloc;
    kernel32_HeapSize;
    kernel32_HeapSetInformation;
    kernel32_GetStdHandle;
    kernel32_SetStdHandle;
    kernel32_CreateFileW;
    kernel32_CreateFileA;
    kernel32_CloseHandle;
    kernel32_ReadFile;
    kernel32_WriteFile;
    kernel32_SetFilePointerEx;
    kernel32_SetFilePointer;
    kernel32_SetEndOfFile;
    kernel32_SetFileTime;
    kernel32_FlushFileBuffers;
    kernel32_GetFileType;
    kernel32_GetFileSizeEx;
    kernel32_GetSystemTimeAsFileTime;
    kernel32_FileTimeToDosDateTime;
    kernel32_DosDateTimeToFileTime;
    kernel32_FindFirstFileExW;
    kernel32_FindFirstFileExA;
    kernel32_FindFirstFileA;
    kernel32_FindNextFileW;
    kernel32_FindNextFileA;
    kernel32_FindClose;
    kernel32_DeleteFileA;
    kernel32_SetFileAttributesA;
    kernel32_SetFileAttributesW;
    kernel32_GetConsoleCP;
    kernel32_GetConsoleOutputCP;
    kernel32_GetConsoleMode;
    kernel32_SetConsoleMode;
    kernel32_WriteConsoleA;
    kernel32_WriteConsoleW;
    kernel32_ReadConsoleW;
    kernel32_ReadConsoleInputA;
    kernel32_ReadConsoleInputW;
    kernel32_FormatMessageA;
    kernel32_GetLocaleInfoW;
    kernel32_GetModuleHandleW;
    kernel32_GetModuleHandleExW;
    kernel32_GetModuleHandleExA;
    kernel32_GetModuleHandleA;
    kernel32_GetModuleFileNameW;
    kernel32_GetModuleFileNameA;
    kernel32_LoadLibraryExW;
    kernel32_LoadLibraryA;
    kernel32_FreeLibrary;
    kernel32_GetProcAddress;
    kernel32_GetCommandLineA;
    kernel32_GetCommandLineW;
    kernel32_GetStartupInfoW;
    kernel32_GetStartupInfoA;
    kernel32_GetEnvironmentStrings;
    kernel32_GetEnvironmentStringsA;
    kernel32_GetEnvironmentStringsW;
    kernel32_FreeEnvironmentStringsA;
    kernel32_FreeEnvironmentStringsW;
    kernel32_SetEnvironmentVariableW;
    kernel32_GetCurrentDirectoryA;
    kernel32_GetCurrentDirectoryW;
    kernel32_QueryPerformanceCounter;
    kernel32_QueryPerformanceFrequency;
    kernel32_GetTickCount;
    kernel32_Sleep;
    kernel32_InitializeCriticalSectionAndSpinCount;
    kernel32_InitializeCriticalSectionEx;
    kernel32_InitializeCriticalSection;
    kernel32_EnterCriticalSection;
    kernel32_LeaveCriticalSection;
    kernel32_DeleteCriticalSection;
    kernel32_TryEnterCriticalSection;
    kernel32_TlsAlloc;
    kernel32_TlsFree;
    kernel32_TlsGetValue;
    kernel32_TlsSetValue;
    kernel32_InitializeSListHead;
    kernel32_FlsAlloc;
    kernel32_FlsFree;
    kernel32_FlsGetValue;
    kernel32_FlsSetValue;
    kernel32_GetACP;
    kernel32_GetOEMCP;
    kernel32_IsValidCodePage;
    kernel32_IsDBCSLeadByteEx;
    kernel32_GetCPInfo;
    kernel32_MultiByteToWideChar;
    kernel32_WideCharToMultiByte;
    kernel32_LCMapStringW;
    kernel32_LCMapStringA;
    kernel32_GetStringTypeW;
    kernel32_GetStringTypeA;
    kernel32_CompareStringW;
    kernel32_GetLocaleInfoA;
    kernel32_EncodePointer;
    kernel32_DecodePointer;
    kernel32_SetUnhandledExceptionFilter;
    kernel32_UnhandledExceptionFilter;
    kernel32_RtlUnwind;
    kernel32_RtlUnwindEx;
    kernel32_RtlVirtualUnwind;
    kernel32_RtlLookupFunctionEntry;
    kernel32_RtlCaptureContext;
    kernel32_RtlPcToFileHeader;
    kernel32_RaiseException;
    kernel32_SetHandleCount;
    kernel32_CreateDirectoryW;
    kernel32_FindFirstFileW;
    kernel32_FormatMessageW;
    kernel32_GetFullPathNameW;
    kernel32_LocalFree;
    kernel32_WaitForSingleObject;
    kernel32_WaitForMultipleObjects;
    kernel32_DuplicateHandle;
    kernel32_GetCurrentThread;
    kernel32_SuspendThread;
    kernel32_ResumeThread;
    kernel32_GetThreadPriority;
    kernel32_SetThreadPriority;
    kernel32_GetThreadContext;
    kernel32_SetThreadContext;
    kernel32_GetProcessAffinityMask;
    kernel32_SetProcessAffinityMask;
    kernel32_GetProcessTimes;
    kernel32_GetHandleInformation;
    kernel32_AddVectoredExceptionHandler;
    kernel32_RemoveVectoredExceptionHandler;
    kernel32_OutputDebugStringA;
    kernel32_OutputDebugStringW;
    kernel32_GetTempPathW;
    kernel32_GetTempPathA;
    kernel32_GetTempFileNameW;
    kernel32_GetTempFileNameA;
    kernel32_SetCurrentDirectoryW;
    kernel32_FileTimeToLocalFileTime;
    kernel32_GlobalMemoryStatusEx;
    kernel32_GetConsoleScreenBufferInfo;
    kernel32_GetConsoleTitleA;
    kernel32_GetConsoleTitleW;
    kernel32_SetConsoleTitleA;
    kernel32_SetConsoleTitleW;
    shell32_CommandLineToArgvW;
    shlwapi_PathMatchSpecW;
    winmm_timeGetTime;
    kernel32_CreateMutexA;
    kernel32_CreateMutexW;
    kernel32_ReleaseMutex;
    kernel32_CreateEventA;
    kernel32_SetEvent;
    kernel32_ResetEvent;
    kernel32_CreateSemaphoreA;
    kernel32_ReleaseSemaphore;
    kernel32_CreateThread;
    kernel32_ExitThread;
    kernel32_GetExitCodeThread;
    kernel32_SignalObjectAndWait;
    kernel32_GlobalAlloc;
    kernel32_GlobalFree;
    kernel32_GetFileAttributesA;
    kernel32_GetFileAttributesW;
    kernel32_CreateDirectoryA;
    kernel32_FileTimeToSystemTime;
    kernel32_GetSystemInfo;
    kernel32_GlobalMemoryStatus;
    kernel32_RtlAddFunctionTable;

    kernel32_SetConsoleCtrlHandler;
    kernel32_DeleteFileW;
    kernel32_RemoveDirectoryW;
    kernel32_MoveFileW;
    kernel32_CreateHardLinkW;
    kernel32_CreateHardLinkA;
    kernel32_GetFileInformationByHandle;
    kernel32_GetFileTime;
    kernel32_GetSystemTime;
    kernel32_SystemTimeToFileTime;
    kernel32_SystemTimeToTzSpecificLocalTime;
    kernel32_TzSpecificLocalTimeToSystemTime;
    kernel32_LocalFileTimeToFileTime;
    kernel32_GetVersionExW;
    kernel32_GetSystemDirectoryA;
    kernel32_GetSystemDirectoryW;
    kernel32_GetVolumeInformationW;
    kernel32_GetVolumeInformationA;
    kernel32_GetDiskFreeSpaceExW;
    kernel32_GetDiskFreeSpaceExA;
    kernel32_GetDriveTypeW;
    kernel32_GetFullPathNameA;
    kernel32_GetLongPathNameW;
    kernel32_GetLongPathNameA;
    kernel32_GetShortPathNameW;
    kernel32_GetShortPathNameA;
    kernel32_ExpandEnvironmentStringsW;
    kernel32_FoldStringW;
    kernel32_FoldStringA;
    kernel32_CompareStringA;
    kernel32_CreateEventW;
    kernel32_CreateSemaphoreW;
    kernel32_WaitForSingleObjectEx;
    kernel32_LoadLibraryW;
    kernel32_SetEnvironmentVariableA;
    kernel32_IsDBCSLeadByte;
    kernel32_SetErrorMode;
    kernel32_SetPriorityClass;
    kernel32_SetThreadExecutionState;
    kernel32_BackupRead;
    kernel32_BackupSeek;
    kernel32_DeviceIoControl;

    kernel32_MoveFileA;
    kernel32_RemoveDirectoryA;
    kernel32_SetCurrentDirectoryA;
    kernel32_ExpandEnvironmentStringsA;
    kernel32_LoadLibraryExA;
    kernel32_GetDriveTypeA;
    kernel32_GetDiskFreeSpaceA;
    kernel32_GetDiskFreeSpaceW;
    kernel32_GetVersionExA;
    kernel32_GetVersion;
    kernel32_ReadConsoleA;
    kernel32_RtlFillMemory;
    kernel32_RtlCompareMemory;

    advapi32_AdjustTokenPrivileges;
    advapi32_AllocateAndInitializeSid;
    advapi32_CheckTokenMembership;
    advapi32_FreeSid;
    advapi32_GetFileSecurityA;
    advapi32_GetFileSecurityW;
    advapi32_GetSecurityDescriptorLength;
    advapi32_LookupPrivilegeValueA;
    advapi32_LookupPrivilegeValueW;
    advapi32_OpenProcessToken;
    advapi32_RegCloseKey;
    advapi32_RegOpenKeyExA;
    advapi32_RegOpenKeyExW;
    advapi32_RegQueryValueExA;
    advapi32_RegQueryValueExW;
    advapi32_SetFileSecurityA;
    advapi32_SetFileSecurityW;
    advapi32_CryptAcquireContextW;
    advapi32_CryptAcquireContextA;
    advapi32_CryptGenRandom;
    advapi32_CryptReleaseContext;

    shell32_SHFileOperationA;
    shell32_SHFileOperationW;
    shell32_SHGetMalloc;
    shell32_SHGetPathFromIDListA;
    shell32_SHGetPathFromIDListW;
    shell32_SHGetSpecialFolderLocation;

    shlwapi_PathMatchSpecA;

    user32_CharLowerA;
    user32_CharLowerW;
    user32_CharUpperA;
    user32_CharUpperW;
    user32_CharToOemA;
    user32_CharToOemW;
    user32_CharToOemBuffA;
    user32_CharToOemBuffW;
    user32_OemToCharA;
    user32_OemToCharW;
    user32_OemToCharBuffA;
    user32_OemToCharBuffW;
    user32_ExitWindowsEx;
    user32_LoadStringA;
    user32_LoadStringW;
    user32_MessageBeep;

    msvcrt__commode;
    msvcrt__fmode;
    msvcrt___initenv;
    msvcrt___set_app_type;
    msvcrt___setusermatherr;
    msvcrt__amsg_exit;
    msvcrt__cexit;
    msvcrt__lock;
    msvcrt__unlock;
    msvcrt__errno;
    msvcrt____lc_codepage_func;
    msvcrt____mb_cur_max_func;
    msvcrt__initterm;
    msvcrt___getmainargs;
    msvcrt___iob_func;
    msvcrt___C_specific_handler;
    msvcrt_fprintf;
    msvcrt_vfprintf;
    msvcrt_fputc;
    msvcrt_malloc;
    msvcrt_free;
    msvcrt_calloc;
    msvcrt_memcpy;
    msvcrt_strlen;
    msvcrt_strncmp;
    msvcrt_strerror;
    msvcrt_abort;
    msvcrt_atexit;
    msvcrt_exit;
    msvcrt_localeconv;
    msvcrt_signal;
    msvcrt_wcslen;
    msvcrt_strcpy;
    msvcrt_wcscpy;
    msvcrt___wgetmainargs;
    msvcrt__acmdln;
    msvcrt___lconv_init;
    msvcrt__onexit;
    msvcrt___dllonexit;
    msvcrt__time64;
    msvcrt__gmtime64;
    msvcrt__localtime64;
    msvcrt__mktime64;
    msvcrt_strftime;
    msvcrt_printf;
    msvcrt_sprintf;
    msvcrt_fwrite;
    msvcrt_fgets;
    msvcrt_puts;
    msvcrt_putchar;
    msvcrt_remove;
    msvcrt_fflush;
    msvcrt_realloc;
    msvcrt__strdup;
    msvcrt_memmove;
    msvcrt_memset;
    msvcrt_strcmp;
    msvcrt_tolower;
    msvcrt_wcscat;
    msvcrt_wcschr;
    msvcrt_wcscmp;
    msvcrt_wcsrchr;
    msvcrt__wcsicmp;
    msvcrt__wcslwr;
    msvcrt__ultoa;
    msvcrt_qsort;
    msvcrt_scanf;
    msvcrt__beginthreadex;
    msvcrt__endthreadex;
    msvcrt__setjmp;
    msvcrt_longjmp;
  local:
    *;
};
