In file included from bmf.cpp:174:
sym_list.inc: In member function 'bool FreqRec::seed_pair(int32_t, int32_t, int32_t)':
sym_list.inc:27:11: warning: conversion from 'int16_t' {aka 'short int'} to 'uint8_t' {aka 'unsigned char'} may change value [-Wconversion]
sym_list.inc:28:18: warning: conversion from 'int' to 'uint16_t' {aka 'short unsigned int'} may change value [-Wconversion]
sym_list.inc:29:11: warning: conversion from 'int' to 'uint16_t' {aka 'short unsigned int'} may change value [-Wconversion]
sym_list.inc: In member function 'bool SymList::rescale(int32_t)':
sym_list.inc:162:18: warning: conversion from 'int32_t' {aka 'int'} to 'uint8_t' {aka 'unsigned char'} may change value [-Wconversion]
sym_list.inc: In member function 'void SymList::add_weight(int32_t, uint32_t)':
sym_list.inc:319:14: warning: conversion from 'uint32_t' {aka 'unsigned int'} to 'uint8_t' {aka 'unsigned char'} may change value [-Wconversion]
sym_list.inc:344:17: warning: conversion from 'int32_t' {aka 'int'} to 'uint16_t' {aka 'short unsigned int'} may change value [-Wconversion]
sym_list.inc: In member function 'void SymList::init(int32_t, int32_t)':
sym_list.inc:365:27: warning: conversion from 'uint32_t' {aka 'unsigned int'} to 'uint16_t' {aka 'short unsigned int'} may change value [-Wconversion]
sym_list.inc: In static member function 'static uint32_t SymListBlock::bytes(uint32_t)':
sym_list.inc:398:50: warning: conversion from 'long unsigned int' to 'uint32_t' {aka 'unsigned int'} may change value [-Wconversion]
In file included from bmf.cpp:175:
bitctr.inc: In member function 'void CounterNode::bump(int32_t, uint32_t)':
bitctr.inc:23:13: warning: conversion from 'uint32_t' {aka 'unsigned int'} to 'uint16_t' {aka 'short unsigned int'} may change value [-Wconversion]
bitctr.inc:24:11: warning: conversion from 'uint32_t' {aka 'unsigned int'} to 'uint16_t' {aka 'short unsigned int'} may change value [-Wconversion]
bitctr.inc: In member function 'void BitCtr::seed_from(BitCtr*)':
bitctr.inc:156:34: warning: conversion from 'int' to 'uint16_t' {aka 'short unsigned int'} may change value [-Wconversion]
bitctr.inc:157:42: warning: conversion from 'int' to 'uint16_t' {aka 'short unsigned int'} may change value [-Wconversion]
bitctr.inc:161:29: warning: conversion from 'int' to 'uint16_t' {aka 'short unsigned int'} may change value [-Wconversion]
In file included from bmf.cpp:176:
alt_p1_block.inc: In member function 'int32_t AltP1Block::encode_sample(uint8_t*, int32_t, int32_t)':
alt_p1_block.inc:212:17: warning: conversion from 'int32_t' {aka 'int'} to 'uint8_t' {aka 'unsigned char'} may change value [-Wconversion]
alt_p1_block.inc: In member function 'void AltP1Block::record_sample(int32_t)':
alt_p1_block.inc:237:22: warning: conversion from 'int32_t' {aka 'int'} to 'uint8_t' {aka 'unsigned char'} may change value [-Wconversion]
alt_p1_block.inc:238:27: warning: conversion from 'uint32_t' {aka 'unsigned int'} to 'uint8_t' {aka 'unsigned char'} may change value [-Wconversion]
alt_p1_block.inc: In member function 'AltP1Block* AltP1Block::alt_p1_alloc(int32_t, int32_t, int32_t)':
alt_p1_block.inc:578:23: warning: conversion from 'int32_t' {aka 'int'} to 'uint8_t' {aka 'unsigned char'} may change value [-Wconversion]
alt_p1_block.inc:581:25: warning: conversion from 'int32_t' {aka 'int'} to 'uint8_t' {aka 'unsigned char'} may change value [-Wconversion]
alt_p1_block.inc:594:42: warning: conversion from 'uint32_t' {aka 'unsigned int'} to 'uint8_t' {aka 'unsigned char'} may change value [-Wconversion]
alt_p1_block.inc:596:44: warning: conversion from 'uint32_t' {aka 'unsigned int'} to 'uint8_t' {aka 'unsigned char'} may change value [-Wconversion]
In file included from bmf.cpp:177:
alt_p2_block.inc: In member function 'uint32_t P2Freq::rescale_three_way()':
alt_p2_block.inc:29:20: warning: conversion from 'uint32_t' {aka 'unsigned int'} to 'uint16_t' {aka 'short unsigned int'} may change value [-Wconversion]
alt_p2_block.inc: In function 'void p2_freq_add(P2Freq*, int32_t, uint32_t)':
alt_p2_block.inc:213:14: warning: conversion from 'uint32_t' {aka 'unsigned int'} to 'uint16_t' {aka 'short unsigned int'} may change value [-Wconversion]
alt_p2_block.inc: In member function 'void AltP2Block::encode_sample(uint8_t*, int32_t, AltP2Block*, AltP2Block*)':
alt_p2_block.inc:594:17: warning: conversion from 'int32_t' {aka 'int'} to 'uint8_t' {aka 'unsigned char'} may change value [-Wconversion]
alt_p2_block.inc:597:26: warning: conversion from 'int32_t' {aka 'int'} to 'uint8_t' {aka 'unsigned char'} may change value [-Wconversion]
alt_p2_block.inc: In member function 'void AltP2Block::decode_sample(uint8_t*, int32_t, AltP2Block*, AltP2Block*)':
alt_p2_block.inc:611:26: warning: conversion from 'int32_t' {aka 'int'} to 'uint8_t' {aka 'unsigned char'} may change value [-Wconversion]
alt_p2_block.inc:612:15: warning: conversion from 'int32_t' {aka 'int'} to 'uint8_t' {aka 'unsigned char'} may change value [-Wconversion]
alt_p2_block.inc: In member function 'AltP2Block* AltP2Block::alt_p2_alloc(int32_t, int32_t)':
alt_p2_block.inc:821:21: warning: conversion from 'int32_t' {aka 'int'} to 'uint8_t' {aka 'unsigned char'} may change value [-Wconversion]
alt_p2_block.inc:823:23: warning: conversion from 'int32_t' {aka 'int'} to 'uint8_t' {aka 'unsigned char'} may change value [-Wconversion]
In file included from bmf.cpp:178:
model.inc: In member function 'int32_t ModelBlock::init_tables()':
model.inc:367:24: warning: conversion from 'int32_t' {aka 'int'} to 'uint16_t' {aka 'short unsigned int'} may change value [-Wconversion]
model.inc:394:13: warning: conversion from 'int' to 'uint8_t' {aka 'unsigned char'} may change value [-Wconversion]
model.inc:395:13: warning: conversion from 'int' to 'uint8_t' {aka 'unsigned char'} may change value [-Wconversion]
model.inc:396:13: warning: conversion from 'int' to 'uint8_t' {aka 'unsigned char'} may change value [-Wconversion]
model.inc:398:13: warning: conversion from 'int' to 'uint8_t' {aka 'unsigned char'} may change value [-Wconversion]
model.inc: In static member function 'static bool ModelBlock::intern_ctx(uint16_t*, int32_t, uint32_t&, int32_t&)':
model.inc:580:22: warning: conversion from 'uint32_t' {aka 'unsigned int'} to 'uint16_t' {aka 'short unsigned int'} may change value [-Wconversion]
model.inc: In member function 'int32_t ModelBlock::open_pixel(Neighbours&, const PixRec*, const PixRec*)':
model.inc:720:17: warning: conversion from 'int32_t' {aka 'int'} to 'uint16_t' {aka 'short unsigned int'} may change value [-Wconversion]
model.inc: In member function 'void ModelBlock::fill_run(int32_t, uint32_t, uint32_t, uint32_t)':
model.inc:739:23: warning: conversion from 'int32_t' {aka 'int'} to 'uint16_t' {aka 'short unsigned int'} may change value [-Wconversion]
model.inc: In member function 'void ModelBlock::seed_after_run(PixRec*, int32_t)':
model.inc:753:31: warning: conversion from 'int32_t' {aka 'int'} to 'uint8_t' {aka 'unsigned char'} may change value [-Wconversion]
model.inc:754:25: warning: conversion from 'int32_t' {aka 'int'} to 'uint8_t' {aka 'unsigned char'} may change value [-Wconversion]
model.inc:755:25: warning: conversion from 'int32_t' {aka 'int'} to 'uint8_t' {aka 'unsigned char'} may change value [-Wconversion]
model.inc:756:25: warning: conversion from 'int32_t' {aka 'int'} to 'uint8_t' {aka 'unsigned char'} may change value [-Wconversion]
model.inc: In member function 'uint8_t* ModelBlock::write_row(uint8_t*, uint32_t, uint32_t)':
model.inc:951:27: warning: conversion from 'unsigned int' to 'uint8_t' {aka 'unsigned char'} may change value [-Wconversion]
model.inc:953:19: warning: conversion from 'unsigned int' to 'uint8_t' {aka 'unsigned char'} may change value [-Wconversion]
model.inc: In member function 'void ModelBlock::begin_row()':
model.inc:990:25: warning: conversion from 'int32_t' {aka 'int'} to 'uint8_t' {aka 'unsigned char'} may change value [-Wconversion]
model.inc:991:25: warning: conversion from 'int32_t' {aka 'int'} to 'uint8_t' {aka 'unsigned char'} may change value [-Wconversion]
model.inc: In member function 'void ModelBlock::model_plane_slow(uint8_t*)':
model.inc:1019:26: warning: conversion from 'int32_t' {aka 'int'} to 'uint8_t' {aka 'unsigned char'} may change value [-Wconversion]
model.inc:1036:20: warning: conversion from 'int32_t' {aka 'int'} to 'uint16_t' {aka 'short unsigned int'} may change value [-Wconversion]
model.inc:1040:20: warning: conversion from 'int32_t' {aka 'int'} to 'uint16_t' {aka 'short unsigned int'} may change value [-Wconversion]
model.inc:1044:20: warning: conversion from 'int32_t' {aka 'int'} to 'int16_t' {aka 'short int'} may change value [-Wconversion]
model.inc:1048:25: warning: conversion from 'int32_t' {aka 'int'} to 'uint16_t' {aka 'short unsigned int'} may change value [-Wconversion]
model.inc:1051:16: warning: conversion from 'int' to 'int16_t' {aka 'short int'} may change value [-Wconversion]
model.inc:1055:25: warning: conversion from 'int32_t' {aka 'int'} to 'uint16_t' {aka 'short unsigned int'} may change value [-Wconversion]
model.inc:1058:27: warning: conversion from 'int' to 'uint16_t' {aka 'short unsigned int'} may change value [-Wconversion]
model.inc:1071:24: warning: conversion from 'int32_t' {aka 'int'} to 'uint8_t' {aka 'unsigned char'} may change value [-Wconversion]
model.inc:1073:36: warning: conversion from 'int32_t' {aka 'int'} to 'uint8_t' {aka 'unsigned char'} may change value [-Wconversion]
model.inc: In member function 'void ModelBlock::unmodel_plane_slow(uint8_t*)':
model.inc:1127:26: warning: conversion from 'int32_t' {aka 'int'} to 'uint8_t' {aka 'unsigned char'} may change value [-Wconversion]
model.inc:1138:25: warning: conversion from 'int32_t' {aka 'int'} to 'uint16_t' {aka 'short unsigned int'} may change value [-Wconversion]
model.inc:1147:25: warning: conversion from 'int32_t' {aka 'int'} to 'uint16_t' {aka 'short unsigned int'} may change value [-Wconversion]
model.inc:1155:25: warning: conversion from 'int32_t' {aka 'int'} to 'uint16_t' {aka 'short unsigned int'} may change value [-Wconversion]
model.inc:1160:23: warning: conversion from 'int' to 'uint16_t' {aka 'short unsigned int'} may change value [-Wconversion]
model.inc:1165:23: warning: conversion from 'int' to 'uint16_t' {aka 'short unsigned int'} may change value [-Wconversion]
model.inc:1170:23: warning: conversion from 'int' to 'uint16_t' {aka 'short unsigned int'} may change value [-Wconversion]
model.inc:1176:24: warning: conversion from 'int32_t' {aka 'int'} to 'uint8_t' {aka 'unsigned char'} may change value [-Wconversion]
model.inc:1180:24: warning: conversion from 'int32_t' {aka 'int'} to 'uint8_t' {aka 'unsigned char'} may change value [-Wconversion]
model.inc: In member function 'int32_t ModelBlock::decode_stage_two(int32_t*, int32_t)':
model.inc:1334:27: warning: conversion from 'int32_t' {aka 'int'} to 'uint16_t' {aka 'short unsigned int'} may change value [-Wconversion]
model.inc: In member function 'int32_t ModelBlock::decode_pixel(int32_t)':
model.inc:1374:43: warning: conversion from 'int32_t' {aka 'int'} to 'uint8_t' {aka 'unsigned char'} may change value [-Wconversion]
model.inc:1473:42: warning: conversion from 'int32_t' {aka 'int'} to 'uint16_t' {aka 'short unsigned int'} may change value [-Wconversion]
model.inc: In member function 'int32_t ModelBlock::code_pixel(int32_t)':
model.inc:1521:27: warning: conversion from 'int32_t' {aka 'int'} to 'uint16_t' {aka 'short unsigned int'} may change value [-Wconversion]
model.inc:1545:33: warning: conversion from 'int32_t' {aka 'int'} to 'uint16_t' {aka 'short unsigned int'} may change value [-Wconversion]
model.inc:1559:26: warning: conversion from 'int32_t' {aka 'int'} to 'uint8_t' {aka 'unsigned char'} may change value [-Wconversion]
In file included from bmf.cpp:179:
bmp.inc: In function 'void transpose_image_in_place(BmfImage*, int32_t)':
bmp.inc:173:27: warning: conversion from 'int' to 'uint16_t' {aka 'short unsigned int'} may change value [-Wconversion]
bmp.inc: In function 'BmfImage* alloc_image(int32_t, int32_t, int32_t, int32_t, int32_t)':
bmp.inc:220:20: warning: conversion from 'int32_t' {aka 'int'} to 'uint16_t' {aka 'short unsigned int'} may change value [-Wconversion]
bmp.inc:232:31: warning: conversion from 'int32_t' {aka 'int'} to 'uint16_t' {aka 'short unsigned int'} may change value [-Wconversion]
bmp.inc:264:16: warning: conversion from 'int32_t' {aka 'int'} to 'uint16_t' {aka 'short unsigned int'} may change value [-Wconversion]
bmp.inc:265:17: warning: conversion from 'int32_t' {aka 'int'} to 'uint16_t' {aka 'short unsigned int'} may change value [-Wconversion]
bmp.inc:266:17: warning: conversion from 'int32_t' {aka 'int'} to 'uint16_t' {aka 'short unsigned int'} may change value [-Wconversion]
In file included from bmf.cpp:181:
rc_io.inc: In function 'uint16_t* begin_plane_stream()':
rc_io.inc:93:45: warning: conversion from 'int' to 'uint8_t' {aka 'unsigned char'} may change value [-Wconversion]
In file included from bmf.cpp:182:
sym_code.inc: In function 'int32_t update_binary_pair(uint16_t*, int32_t)':
sym_code.inc:249:20: warning: conversion from 'uint32_t' {aka 'unsigned int'} to 'uint16_t' {aka 'short unsigned int'} may change value [-Wconversion]
sym_code.inc:251:14: warning: conversion from 'int32_t' {aka 'int'} to 'uint16_t' {aka 'short unsigned int'} may change value [-Wconversion]
sym_code.inc:267:24: warning: conversion from 'uint32_t' {aka 'unsigned int'} to 'uint16_t' {aka 'short unsigned int'} may change value [-Wconversion]
In file included from bmf.cpp:184:
model_workspace.inc: In member function 'ModelBlock* ModelBlock::layout_workspace(int32_t, int32_t, int32_t)':
model_workspace.inc:80:14: warning: conversion from 'int' to 'uint8_t' {aka 'unsigned char'} may change value [-Wconversion]
model_workspace.inc:89:11: warning: conversion from 'int' to 'uint16_t' {aka 'short unsigned int'} may change value [-Wconversion]
In file included from bmf.cpp:185:
sym_reduce.inc: In function 'void reduce_narrow_alphabet(SymList*, ModelBlock*, uint8_t*, uint32_t)':
sym_reduce.inc:73:32: warning: conversion from 'uint32_t' {aka 'unsigned int'} to 'uint16_t' {aka 'short unsigned int'} may change value [-Wconversion]
sym_reduce.inc:85:29: warning: conversion from 'int32_t' {aka 'int'} to 'uint16_t' {aka 'short unsigned int'} may change value [-Wconversion]
sym_reduce.inc:120:55: warning: conversion from 'uint32_t' {aka 'unsigned int'} to 'uint16_t' {aka 'short unsigned int'} may change value [-Wconversion]
sym_reduce.inc: In function 'int32_t tree_place(ReduceNode*, ModelBlock*, uint32_t)':
sym_reduce.inc:158:16: warning: conversion from 'int32_t' {aka 'int'} to 'uint16_t' {aka 'short unsigned int'} may change value [-Wconversion]
sym_reduce.inc: In function 'void reduce_alphabet(ModelBlock*, uint8_t*)':
sym_reduce.inc:219:36: warning: conversion from 'int32_t' {aka 'int'} to 'uint16_t' {aka 'short unsigned int'} may change value [-Wconversion]
In file included from bmf.cpp:186:
alt_p1.inc: In function 'uint32_t alt_init_tables(uint8_t*, int8_t*)':
alt_p1.inc:18:17: warning: conversion from 'int' to 'int8_t' {aka 'signed char'} changes value from '128' to '-128' [-Wconversion]
alt_p1.inc:56:21: warning: conversion from 'int' to 'uint8_t' {aka 'unsigned char'} may change value [-Wconversion]
alt_p1.inc:62:23: warning: conversion from 'int' to 'uint8_t' {aka 'unsigned char'} may change value [-Wconversion]
alt_p1.inc:75:33: warning: conversion from 'int' to 'uint8_t' {aka 'unsigned char'} may change value [-Wconversion]
alt_p1.inc:79:53: warning: conversion from 'uint32_t' {aka 'unsigned int'} to 'uint8_t' {aka 'unsigned char'} may change value [-Wconversion]
alt_p1.inc:80:57: warning: conversion from 'uint32_t' {aka 'unsigned int'} to 'uint8_t' {aka 'unsigned char'} may change value [-Wconversion]
In file included from bmf.cpp:189:
alt_p2_context.inc: In member function 'int32_t AltP2Block::alt_p2_context(AltP2Block*, AltP2Block*)':
alt_p2_context.inc:186:22: warning: conversion from 'int32_t' {aka 'int'} to 'int16_t' {aka 'short int'} may change value [-Wconversion]
In file included from bmf.cpp:190:
alt_p2_model.inc: In member function 'void AltP2Block::code_banks(int32_t)':
alt_p2_model.inc:26:25: warning: conversion from 'int32_t' {aka 'int'} to 'int16_t' {aka 'short int'} may change value [-Wconversion]
alt_p2_model.inc:30:27: warning: conversion from 'int32_t' {aka 'int'} to 'int16_t' {aka 'short int'} may change value [-Wconversion]
alt_p2_model.inc:46:38: warning: conversion from 'int' to 'uint8_t' {aka 'unsigned char'} may change value [-Wconversion]
alt_p2_model.inc:49:32: warning: conversion from 'int' to 'int16_t' {aka 'short int'} may change value [-Wconversion]
alt_p2_model.inc:51:25: warning: conversion from 'int32_t' {aka 'int'} to 'uint8_t' {aka 'unsigned char'} may change value [-Wconversion]
alt_p2_model.inc: In member function 'uint32_t AltP2Block::alt_p2_model(int32_t, uint8_t, int32_t)':
alt_p2_model.inc:237:15: warning: conversion from 'int' to 'int16_t' {aka 'short int'} may change value [-Wconversion]
alt_p2_model.inc:250:30: warning: conversion from 'int' to 'uint8_t' {aka 'unsigned char'} may change value [-Wconversion]
alt_p2_model.inc:251:18: warning: conversion from 'uint32_t' {aka 'unsigned int'} to 'uint8_t' {aka 'unsigned char'} may change value [-Wconversion]
alt_p2_model.inc:254:20: warning: conversion from 'uint32_t' {aka 'unsigned int'} to 'int16_t' {aka 'short int'} may change value [-Wconversion]
alt_p2_model.inc:256:18: warning: conversion from 'uint32_t' {aka 'unsigned int'} to 'int16_t' {aka 'short int'} may change value [-Wconversion]
alt_p2_model.inc:258:22: warning: conversion from 'uint32_t' {aka 'unsigned int'} to 'int16_t' {aka 'short int'} may change value [-Wconversion]
alt_p2_model.inc:260:23: warning: conversion from 'uint32_t' {aka 'unsigned int'} to 'int16_t' {aka 'short int'} may change value [-Wconversion]
alt_p2_model.inc:262:13: warning: conversion from 'int32_t' {aka 'int'} to 'int16_t' {aka 'short int'} may change value [-Wconversion]
alt_p2_model.inc:263:19: warning: conversion from 'uint32_t' {aka 'unsigned int'} to 'int16_t' {aka 'short int'} may change value [-Wconversion]
alt_p2_model.inc: In lambda function:
alt_p2_model.inc:348:24: warning: conversion from 'uint32_t' {aka 'unsigned int'} to 'uint16_t' {aka 'short unsigned int'} may change value [-Wconversion]
alt_p2_model.inc:351:17: warning: conversion from 'uint32_t' {aka 'unsigned int'} to 'uint16_t' {aka 'short unsigned int'} may change value [-Wconversion]
In file included from bmf.cpp:193:
plane_predict.inc: In function 'void expand_predictor_mode0(int32_t)':
plane_predict.inc:8:37: warning: unused parameter 'i' [-Wunused-parameter]
plane_predict.inc: In function 'uint32_t predict_med(uint8_t*, int32_t, int32_t)':
plane_predict.inc:76:12: warning: conversion from 'int32_t' {aka 'int'} to 'uint8_t' {aka 'unsigned char'} may change value [-Wconversion]
plane_predict.inc:84:10: warning: conversion from 'uint32_t' {aka 'unsigned int'} to 'uint8_t' {aka 'unsigned char'} may change value [-Wconversion]
In file included from bmf.cpp:197:
plane_choose.inc: In function 'int32_t choose_plane_coding(BmfImage*)':
plane_choose.inc:165:34: warning: conversion from 'uint32_t' {aka 'unsigned int'} to 'uint8_t' {aka 'unsigned char'} may change value [-Wconversion]
plane_choose.inc:165:56: warning: conversion from 'uint32_t' {aka 'unsigned int'} to 'uint8_t' {aka 'unsigned char'} may change value [-Wconversion]
plane_choose.inc:180:44: warning: conversion from 'int32_t' {aka 'int'} to 'uint8_t' {aka 'unsigned char'} may change value [-Wconversion]
plane_choose.inc:181:40: warning: conversion from 'int32_t' {aka 'int'} to 'uint8_t' {aka 'unsigned char'} may change value [-Wconversion]
plane_choose.inc:295:73: warning: conversion from 'int32_t' {aka 'int'} to 'uint8_t' {aka 'unsigned char'} may change value [-Wconversion]
plane_choose.inc:298:38: warning: conversion from 'int32_t' {aka 'int'} to 'uint8_t' {aka 'unsigned char'} may change value [-Wconversion]
plane_choose.inc:323:31: warning: conversion from 'long int' to 'uint32_t' {aka 'unsigned int'} may change value [-Wconversion]
plane_choose.inc:386:22: warning: conversion from 'int' to 'uint16_t' {aka 'short unsigned int'} may change value [-Wconversion]
plane_choose.inc:439:77: warning: conversion from 'int32_t' {aka 'int'} to 'uint8_t' {aka 'unsigned char'} may change value [-Wconversion]
In file included from bmf.cpp:198:
filter_search.inc: In function 'void offer_to_all(int32_t)':
filter_search.inc:47:62: warning: conversion from 'int32_t' {aka 'int'} to 'uint8_t' {aka 'unsigned char'} may change value [-Wconversion]
filter_search.inc: In function 'void reset_descriptors()':
filter_search.inc:68:31: warning: conversion from 'int32_t' {aka 'int'} to 'uint8_t' {aka 'unsigned char'} may change value [-Wconversion]
filter_search.inc:69:27: warning: conversion from 'int32_t' {aka 'int'} to 'uint8_t' {aka 'unsigned char'} may change value [-Wconversion]
filter_search.inc: In function 'int32_t transform_cost(BmfImage*)':
filter_search.inc:90:25: warning: conversion from 'long int' to 'int32_t' {aka 'int'} may change value [-Wconversion]
filter_search.inc: In lambda function:
filter_search.inc:140:28: warning: conversion from 'int32_t' {aka 'int'} to 'uint8_t' {aka 'unsigned char'} may change value [-Wconversion]
filter_search.inc:142:21: warning: conversion from 'long int' to 'int32_t' {aka 'int'} may change value [-Wconversion]
filter_search.inc: In function 'uint32_t search_filter(BmfImage*)':
filter_search.inc:262:15: warning: conversion from 'long int' to 'int32_t' {aka 'int'} may change value [-Wconversion]
In file included from bmf.cpp:199:
bmp_read.inc: In function 'bool read_rle4(FILE*, BmfImage*, uint8_t*, void*)':
bmp_read.inc:139:21: warning: conversion from 'uint32_t' {aka 'unsigned int'} to 'uint8_t' {aka 'unsigned char'} may change value [-Wconversion]
bmp_read.inc:157:23: warning: conversion from 'uint32_t' {aka 'unsigned int'} to 'uint8_t' {aka 'unsigned char'} may change value [-Wconversion]
In file included from bmf.cpp:200:
bmp_write.inc: In function 'int32_t write_bmp(BmfImage*, char*, int32_t)':
bmp_write.inc:32:21: warning: conversion from 'int32_t' {aka 'int'} to 'uint16_t' {aka 'short unsigned int'} may change value [-Wconversion]
bmp_write.inc: In lambda function:
bmp_write.inc:156:28: warning: conversion from 'int32_t' {aka 'int'} to 'uint8_t' {aka 'unsigned char'} may change value [-Wconversion]
bmp_write.inc: In lambda function:
bmp_write.inc:212:22: warning: conversion from 'int32_t' {aka 'int'} to 'uint8_t' {aka 'unsigned char'} may change value [-Wconversion]
bmp_write.inc: In function 'int32_t write_bmp(BmfImage*, char*, int32_t)':
bmp_write.inc:265:25: warning: conversion from 'long int' to 'int32_t' {aka 'int'} may change value [-Wconversion]
bmp_write.inc:285:25: warning: conversion from 'long int' to 'int32_t' {aka 'int'} may change value [-Wconversion]
In file included from bmf.cpp:201:
image_expand.inc: In function 'void read_plane_descs()':
image_expand.inc:38:32: warning: conversion from 'uint32_t' {aka 'unsigned int'} to 'uint8_t' {aka 'unsigned char'} may change value [-Wconversion]
image_expand.inc:39:28: warning: conversion from 'int32_t' {aka 'int'} to 'uint8_t' {aka 'unsigned char'} may change value [-Wconversion]
image_expand.inc:40:35: warning: conversion from 'int32_t' {aka 'int'} to 'uint8_t' {aka 'unsigned char'} may change value [-Wconversion]
image_expand.inc:43:36: warning: conversion from 'uint32_t' {aka 'unsigned int'} to 'uint8_t' {aka 'unsigned char'} may change value [-Wconversion]
image_expand.inc: In function 'BmfImage* expand_image(BmfFile*, CodedTail**)':
image_expand.inc:266:25: warning: conversion from 'size_t' {aka 'long unsigned int'} to 'uint32_t' {aka 'unsigned int'} may change value [-Wconversion]
In file included from bmf.cpp:202:
image_compress.inc: In function 'int32_t compress_image(BmfFile*, BmfImage*, const CodedTail*)':
image_compress.inc:125:43: warning: conversion from 'long int' to 'int32_t' {aka 'int'} may change value [-Wconversion]
image_compress.inc:148:28: warning: conversion from 'size_t' {aka 'long unsigned int'} to 'uint32_t' {aka 'unsigned int'} may change value [-Wconversion]
bmf.cpp: In function 'void bmf_compress(const char*, const char*)':
bmf.cpp:216:25: warning: conversion from 'int32_t' {aka 'int'} to 'uint8_t' {aka 'unsigned char'} may change value [-Wconversion]
bmf.cpp:228:40: warning: conversion from 'int32_t' {aka 'int'} to 'uint8_t' {aka 'unsigned char'} may change value [-Wconversion]
bitctr.inc: In instantiation of 'int32_t BitCtr::code_context_bit(BitCtr*, int32_t) [with int f_DEC = 0; int32_t = int]':
bitctr.inc:205:31:   required from here
bitctr.inc:183:16: warning: conversion from 'int32_t' {aka 'int'} to 'uint16_t' {aka 'short unsigned int'} may change value [-Wconversion]
bitctr.inc:186:22: warning: conversion from 'int' to 'uint16_t' {aka 'short unsigned int'} may change value [-Wconversion]
bitctr.inc:198:24: warning: conversion from 'int32_t' {aka 'int'} to 'uint16_t' {aka 'short unsigned int'} may change value [-Wconversion]
bitctr.inc:199:17: warning: conversion from 'int32_t' {aka 'int'} to 'uint16_t' {aka 'short unsigned int'} may change value [-Wconversion]
bitctr.inc: In instantiation of 'int32_t BitCtr::code_context_bit(BitCtr*, int32_t) [with int f_DEC = 1; int32_t = int]':
bitctr.inc:209:31:   required from here
bitctr.inc:183:16: warning: conversion from 'int32_t' {aka 'int'} to 'uint16_t' {aka 'short unsigned int'} may change value [-Wconversion]
bitctr.inc:186:22: warning: conversion from 'int' to 'uint16_t' {aka 'short unsigned int'} may change value [-Wconversion]
bitctr.inc:198:24: warning: conversion from 'int32_t' {aka 'int'} to 'uint16_t' {aka 'short unsigned int'} may change value [-Wconversion]
bitctr.inc:199:17: warning: conversion from 'int32_t' {aka 'int'} to 'uint16_t' {aka 'short unsigned int'} may change value [-Wconversion]
alt_p2_block.inc: In instantiation of 'int32_t P2Freq::code_three_way(const uint32_t*, int32_t) [with int f_DEC = 0; int32_t = int; uint32_t = unsigned int]':
alt_p2_block.inc:120:22:   required from here
alt_p2_block.inc:113:23: warning: conversion from 'long int' to 'int32_t' {aka 'int'} may change value [-Wconversion]
alt_p2_block.inc: In instantiation of 'int32_t P2Freq::code_three_way(const uint32_t*, int32_t) [with int f_DEC = 1; int32_t = int; uint32_t = unsigned int]':
alt_p2_block.inc:124:29:   required from here
alt_p2_block.inc:113:23: warning: conversion from 'long int' to 'int32_t' {aka 'int'} may change value [-Wconversion]
model.inc: In instantiation of 'int32_t ModelBlock::offer_candidates(int32_t*) [with int f_DEC = 1; int32_t = int]':
model.inc:1326:28:   required from here
model.inc:486:27: warning: conversion from 'int32_t' {aka 'int'} to 'uint16_t' {aka 'short unsigned int'} may change value [-Wconversion]
sym_code.inc: In instantiation of 'int32_t code_symbol_tree(uint16_t*, int32_t) [with int f_DEC = 0; int32_t = int; uint16_t = short unsigned int]':
sym_code.inc:137:22:   required from here
sym_code.inc:77:23: warning: conversion from 'int' to 'int16_t' {aka 'short int'} may change value [-Wconversion]
sym_code.inc:83:20: warning: conversion from 'int' to 'uint16_t' {aka 'short unsigned int'} may change value [-Wconversion]
sym_code.inc:98:16: warning: conversion from 'int32_t' {aka 'int'} to 'uint16_t' {aka 'short unsigned int'} may change value [-Wconversion]
sym_code.inc:101:16: warning: conversion from 'int32_t' {aka 'int'} to 'uint16_t' {aka 'short unsigned int'} may change value [-Wconversion]
sym_code.inc:127:22: warning: conversion from 'uint32_t' {aka 'unsigned int'} to 'uint16_t' {aka 'short unsigned int'} may change value [-Wconversion]
sym_code.inc:128:32: warning: conversion from 'int32_t' {aka 'int'} to 'uint16_t' {aka 'short unsigned int'} may change value [-Wconversion]
sym_code.inc: In instantiation of 'int32_t code_symbol_tree(uint16_t*, int32_t) [with int f_DEC = 1; int32_t = int; uint16_t = short unsigned int]':
sym_code.inc:141:29:   required from here
sym_code.inc:77:23: warning: conversion from 'int' to 'int16_t' {aka 'short int'} may change value [-Wconversion]
sym_code.inc:83:20: warning: conversion from 'int' to 'uint16_t' {aka 'short unsigned int'} may change value [-Wconversion]
sym_code.inc:98:16: warning: conversion from 'int32_t' {aka 'int'} to 'uint16_t' {aka 'short unsigned int'} may change value [-Wconversion]
sym_code.inc:101:16: warning: conversion from 'int32_t' {aka 'int'} to 'uint16_t' {aka 'short unsigned int'} may change value [-Wconversion]
sym_code.inc:127:22: warning: conversion from 'uint32_t' {aka 'unsigned int'} to 'uint16_t' {aka 'short unsigned int'} may change value [-Wconversion]
sym_code.inc:128:32: warning: conversion from 'int32_t' {aka 'int'} to 'uint16_t' {aka 'short unsigned int'} may change value [-Wconversion]
sym_code.inc: In instantiation of 'int32_t CounterNode::code_symbol(int32_t, int32_t) [with int f_DEC = 0; int32_t = int]':
sym_code.inc:231:23:   required from here
sym_code.inc:202:11: warning: conversion from 'int32_t' {aka 'int'} to 'uint16_t' {aka 'short unsigned int'} may change value [-Wconversion]
sym_code.inc:203:13: warning: conversion from 'long int' to 'int32_t' {aka 'int'} may change value [-Wconversion]
sym_code.inc: In instantiation of 'int32_t CounterNode::code_symbol(int32_t, int32_t) [with int f_DEC = 1; int32_t = int]':
sym_code.inc:235:30:   required from here
sym_code.inc:202:11: warning: conversion from 'int32_t' {aka 'int'} to 'uint16_t' {aka 'short unsigned int'} may change value [-Wconversion]
sym_code.inc:203:13: warning: conversion from 'long int' to 'int32_t' {aka 'int'} may change value [-Wconversion]
In file included from bmf.cpp:187:
alt_p1_code.inc: In instantiation of 'int32_t alt_model_p1(BmfImage*, uint8_t*) [with int f_DEC = 0; int32_t = int; uint8_t = unsigned char]':
alt_p1_code.inc:202:25:   required from here
alt_p1_code.inc:148:24: warning: conversion from 'int32_t' {aka 'int'} to 'uint8_t' {aka 'unsigned char'} may change value [-Wconversion]
alt_p1_code.inc: In instantiation of 'int32_t alt_model_p1(BmfImage*, uint8_t*) [with int f_DEC = 1; int32_t = int; uint8_t = unsigned char]':
alt_p1_code.inc:206:25:   required from here
alt_p1_code.inc:148:24: warning: conversion from 'int32_t' {aka 'int'} to 'uint8_t' {aka 'unsigned char'} may change value [-Wconversion]
In file included from bmf.cpp:191:
alt_p2_encode.inc: In instantiation of 'int32_t alt_model_p2(BmfImage*, uint8_t*) [with int f_DEC = 0; int32_t = int; uint8_t = unsigned char]':
alt_p2_encode.inc:107:25:   required from here
alt_p2_encode.inc:75:164: warning: conversion from 'int32_t' {aka 'int'} to 'int16_t' {aka 'short int'} may change value [-Wconversion]
alt_p2_encode.inc:84:171: warning: conversion from 'int32_t' {aka 'int'} to 'int16_t' {aka 'short int'} may change value [-Wconversion]
alt_p2_encode.inc: In instantiation of 'int32_t alt_model_p2(BmfImage*, uint8_t*) [with int f_DEC = 1; int32_t = int; uint8_t = unsigned char]':
alt_p2_decode.inc:8:25:   required from here
alt_p2_encode.inc:75:164: warning: conversion from 'int32_t' {aka 'int'} to 'int16_t' {aka 'short int'} may change value [-Wconversion]
alt_p2_encode.inc:84:171: warning: conversion from 'int32_t' {aka 'int'} to 'int16_t' {aka 'short int'} may change value [-Wconversion]
plane_predict.inc: In instantiation of 'void code_colour_plane(BmfImage*, uint8_t*, int32_t) [with int f_DEC = 1; uint8_t = unsigned char; int32_t = int]':
plane_predict.inc:273:23:   required from here
plane_predict.inc:252:34: warning: conversion from 'int' to 'uint8_t' {aka 'unsigned char'} may change value [-Wconversion]
plane_predict.inc: In instantiation of 'void code_colour_plane(BmfImage*, uint8_t*, int32_t) [with int f_DEC = 0; uint8_t = unsigned char; int32_t = int]':
plane_predict.inc:277:23:   required from here
plane_predict.inc:254:33: warning: conversion from 'int' to 'uint8_t' {aka 'unsigned char'} may change value [-Wconversion]
In file included from bmf.cpp:188:
alt_p2.inc: In instantiation of 'void AltP2Block::alt_p2_d8_body(uint8_t*, uint8_t*, int32_t, int32_t) [with int f_DEC = 1; uint8_t = unsigned char; int32_t = int]':
alt_p2.inc:183:27:   required from 'void alt_model_p2_d8(uint8_t*, int32_t, int32_t, uint8_t*) [with int f_DEC = 0; uint8_t = unsigned char; int32_t = int]'
alt_p2.inc:191:21:   required from here
alt_p2.inc:114:24: warning: conversion from 'int32_t' {aka 'int'} to 'int16_t' {aka 'short int'} may change value [-Wconversion]
alt_p2.inc:115:25: warning: conversion from 'int32_t' {aka 'int'} to 'int16_t' {aka 'short int'} may change value [-Wconversion]
alt_p2.inc:118:18: warning: conversion from 'int32_t' {aka 'int'} to 'int16_t' {aka 'short int'} may change value [-Wconversion]
alt_p2.inc:125:25: warning: conversion from 'int32_t' {aka 'int'} to 'int16_t' {aka 'short int'} may change value [-Wconversion]
alt_p2.inc:126:29: warning: conversion from 'int32_t' {aka 'int'} to 'int16_t' {aka 'short int'} may change value [-Wconversion]
alt_p2.inc:127:28: warning: conversion from 'int32_t' {aka 'int'} to 'int16_t' {aka 'short int'} may change value [-Wconversion]
alt_p2.inc:128:24: warning: conversion from 'int32_t' {aka 'int'} to 'int16_t' {aka 'short int'} may change value [-Wconversion]
alt_p2.inc:131:44: warning: conversion from 'int' to 'uint8_t' {aka 'unsigned char'} may change value [-Wconversion]
alt_p2.inc:149:26: warning: conversion from 'int32_t' {aka 'int'} to 'uint8_t' {aka 'unsigned char'} may change value [-Wconversion]
alt_p2.inc: In instantiation of 'void AltP2Block::alt_p2_d8_body(uint8_t*, uint8_t*, int32_t, int32_t) [with int f_DEC = 0; uint8_t = unsigned char; int32_t = int]':
alt_p2.inc:185:27:   required from 'void alt_model_p2_d8(uint8_t*, int32_t, int32_t, uint8_t*) [with int f_DEC = 0; uint8_t = unsigned char; int32_t = int]'
alt_p2.inc:191:21:   required from here
alt_p2.inc:114:24: warning: conversion from 'int32_t' {aka 'int'} to 'int16_t' {aka 'short int'} may change value [-Wconversion]
alt_p2.inc:115:25: warning: conversion from 'int32_t' {aka 'int'} to 'int16_t' {aka 'short int'} may change value [-Wconversion]
alt_p2.inc:118:18: warning: conversion from 'int32_t' {aka 'int'} to 'int16_t' {aka 'short int'} may change value [-Wconversion]
alt_p2.inc:125:25: warning: conversion from 'int32_t' {aka 'int'} to 'int16_t' {aka 'short int'} may change value [-Wconversion]
alt_p2.inc:126:29: warning: conversion from 'int32_t' {aka 'int'} to 'int16_t' {aka 'short int'} may change value [-Wconversion]
alt_p2.inc:127:28: warning: conversion from 'int32_t' {aka 'int'} to 'int16_t' {aka 'short int'} may change value [-Wconversion]
alt_p2.inc:128:24: warning: conversion from 'int32_t' {aka 'int'} to 'int16_t' {aka 'short int'} may change value [-Wconversion]
alt_p2.inc:131:44: warning: conversion from 'int' to 'uint8_t' {aka 'unsigned char'} may change value [-Wconversion]
alt_p2.inc:154:21: warning: conversion from 'int32_t' {aka 'int'} to 'uint8_t' {aka 'unsigned char'} may change value [-Wconversion]
alt_p1_block.inc: In instantiation of 'uint8_t fold_or_refuse(uint8_t*, int32_t, int32_t, const uint8_t*, const uint8_t*, const Unfold*) [with Unfold = unsigned char; uint8_t = unsigned char; int32_t = int]':
alt_p1_block.inc:403:50:   required from 'void AltP1Block::d8_body(uint8_t*, uint8_t*) [with int f_DEC = 0; uint8_t = unsigned char]'
alt_p1.inc:98:22:   required from 'void alt_model_p1_d8(uint8_t*, int32_t, int32_t, uint8_t*) [with int f_DEC = 0; uint8_t = unsigned char; int32_t = int]'
alt_p1.inc:104:21:   required from here
alt_p1_block.inc:33:44: warning: conversion from 'int' to 'uint8_t' {aka 'unsigned char'} may change value [-Wconversion]
alt_p1_block.inc: In instantiation of 'uint8_t fold_or_refuse(uint8_t*, int32_t, int32_t, const uint8_t*, const uint8_t*, const Unfold*) [with Unfold = signed char; uint8_t = unsigned char; int32_t = int]':
alt_p2.inc:108:31:   required from 'void AltP2Block::alt_p2_d8_body(uint8_t*, uint8_t*, int32_t, int32_t) [with int f_DEC = 1; uint8_t = unsigned char; int32_t = int]'
alt_p2.inc:183:27:   required from 'void alt_model_p2_d8(uint8_t*, int32_t, int32_t, uint8_t*) [with int f_DEC = 0; uint8_t = unsigned char; int32_t = int]'
alt_p2.inc:191:21:   required from here
alt_p1_block.inc:33:44: warning: conversion from 'int' to 'uint8_t' {aka 'unsigned char'} may change value [-Wconversion]
# sources 1306955327 468212
