dtrain: 110 matrices, 5829504 weights trainable, lr 1e-05, batch 32
eval KL before: 0.053458 nats/token
step 500 tok 16000 train KL 0.065251
step 1000 tok 32000 train KL 0.046332
step 1500 tok 48000 train KL 0.038961
step 2000 tok 64000 train KL 0.038771
step 2500 tok 80000 train KL 0.083881
step 3000 tok 96000 train KL 0.043103
step 3500 tok 112000 train KL 0.039332
step 4000 tok 128000 train KL 0.038195
step 4500 tok 144000 train KL 0.035284
step 5000 tok 160000 train KL 0.033115
step 5500 tok 176000 train KL 0.033188
step 6000 tok 192000 train KL 0.032856
step 6500 tok 208000 train KL 0.043531
step 7000 tok 224000 train KL 0.034153
step 7500 tok 240000 train KL 0.035965
step 8000 tok 256000 train KL 0.030823
step 8500 tok 272000 train KL 0.043527
step 9000 tok 288000 train KL 0.032932
step 9500 tok 304000 train KL 0.031170
step 10000 tok 320000 train KL 0.029796
step 10500 tok 336000 train KL 0.028927
step 11000 tok 352000 train KL 0.030149
step 11500 tok 368000 train KL 0.031422
step 12000 tok 384000 train KL 0.030014
step 12500 tok 400000 train KL 0.040447
step 13000 tok 416000 train KL 0.047425
step 13500 tok 432000 train KL 0.043529
step 14000 tok 448000 train KL 0.038307
step 14500 tok 464000 train KL 0.060898
step 15000 tok 480000 train KL 0.040279
step 15500 tok 496000 train KL 0.037418
step 16000 tok 512000 train KL 0.037798
step 16500 tok 528000 train KL 0.035257
step 17000 tok 544000 train KL 0.033480
step 17500 tok 560000 train KL 0.036047
step 18000 tok 576000 train KL 0.035259
step 18500 tok 592000 train KL 0.041620
step 19000 tok 608000 train KL 0.039426
step 19500 tok 624000 train KL 0.035259
step 20000 tok 640000 train KL 0.034199
eval KL after: 0.050168 nats/token
dtrain: 655353 tokens, 20479 steps
