dtrain: 110 matrices, 5829504 weights trainable, lr 1e-05, batch 32
eval KL before: 0.074608 nats/token
step 500 tok 16000 train KL 0.088482
step 1000 tok 32000 train KL 0.062033
step 1500 tok 48000 train KL 0.051606
step 2000 tok 64000 train KL 0.050996
step 2500 tok 80000 train KL 0.111110
step 3000 tok 96000 train KL 0.065162
step 3500 tok 112000 train KL 0.058734
step 4000 tok 128000 train KL 0.056835
step 4500 tok 144000 train KL 0.052387
step 5000 tok 160000 train KL 0.048467
step 5500 tok 176000 train KL 0.050490
step 6000 tok 192000 train KL 0.048998
step 6500 tok 208000 train KL 0.061770
step 7000 tok 224000 train KL 0.046777
step 7500 tok 240000 train KL 0.050195
step 8000 tok 256000 train KL 0.043283
step 8500 tok 272000 train KL 0.058463
step 9000 tok 288000 train KL 0.043573
step 9500 tok 304000 train KL 0.040490
step 10000 tok 320000 train KL 0.038789
step 10500 tok 336000 train KL 0.038308
step 11000 tok 352000 train KL 0.039811
step 11500 tok 368000 train KL 0.041684
step 12000 tok 384000 train KL 0.040581
step 12500 tok 400000 train KL 0.053575
step 13000 tok 416000 train KL 0.055780
step 13500 tok 432000 train KL 0.057097
step 14000 tok 448000 train KL 0.050472
step 14500 tok 464000 train KL 0.082596
step 15000 tok 480000 train KL 0.056695
step 15500 tok 496000 train KL 0.052467
step 16000 tok 512000 train KL 0.051417
step 16500 tok 528000 train KL 0.047888
step 17000 tok 544000 train KL 0.045047
step 17500 tok 560000 train KL 0.048461
step 18000 tok 576000 train KL 0.047205
step 18500 tok 592000 train KL 0.056500
step 19000 tok 608000 train KL 0.051746
step 19500 tok 624000 train KL 0.046236
step 20000 tok 640000 train KL 0.045027
eval KL after: 0.071469 nats/token
dtrain: 655353 tokens, 20479 steps
