dtrain: 110 matrices, 5829504 weights trainable, lr 1e-05, batch 32
eval KL before: 0.045483 nats/token
step 500 tok 16000 train KL 0.052754
step 1000 tok 32000 train KL 0.036558
step 1500 tok 48000 train KL 0.030860
step 2000 tok 64000 train KL 0.030754
step 2500 tok 80000 train KL 0.046654
step 3000 tok 96000 train KL 0.032947
step 3500 tok 112000 train KL 0.032971
step 4000 tok 128000 train KL 0.027586
step 4500 tok 144000 train KL 0.037360
step 5000 tok 160000 train KL 0.029500
step 5500 tok 176000 train KL 0.028577
step 6000 tok 192000 train KL 0.026280
step 6500 tok 208000 train KL 0.042084
step 7000 tok 224000 train KL 0.027052
step 7500 tok 240000 train KL 0.025640
step 8000 tok 256000 train KL 0.026043
eval KL after: 0.039330 nats/token
dtrain: 262140 tokens, 8191 steps
